#-----------------------------------------------------------
# Vivado v2023.2 (64-bit)
# SW Build 4029153 on Fri Oct 13 20:13:54 MDT 2023
# IP Build 4028589 on Sat Oct 14 00:45:43 MDT 2023
# SharedData Build 4025554 on Tue Oct 10 17:18:54 MDT 2023
# Start of session at: Wed Jul 31 11:30:37 2024
# Process ID: 15123
# Current directory: /home/analog/workspace/practica/hdl/projects/ad5592r_pmdz/coraz7s/ad5592r_coraz7s.runs/impl_1
# Command line: vivado -log system_top.vdi -applog -product Vivado -messageDb vivado.pb -mode batch -source system_top.tcl -notrace
# Log file: /home/analog/workspace/practica/hdl/projects/ad5592r_pmdz/coraz7s/ad5592r_coraz7s.runs/impl_1/system_top.vdi
# Journal file: /home/analog/workspace/practica/hdl/projects/ad5592r_pmdz/coraz7s/ad5592r_coraz7s.runs/impl_1/vivado.jou
# Running On: DESKTOP-QC14QP2, OS: Linux, CPU Frequency: 2592.007 MHz, CPU Physical cores: 6, Host memory: 8215 MB
#-----------------------------------------------------------
source system_top.tcl -notrace
